NADP+ = 138 hits
NADH = 173 hits
NADPH = 138 hits
NAD+ = 173 hits
H+ = 332 hits
